// Jest Snapshot v1, https://goo.gl/fbAQLP

exports[`CabecalhoComponent should render content based on src and alt 1`] = `
CabecalhoComponent {
  "__ngContext__": 4,
  "alt": "Imagem teste",
  "src": "https://example.com/test-image.jpg",
}
`;
